venv\Scripts\python : Creating test database for alias 'default'...
строка:1 знак:1
+ venv\Scripts\python manage.py test > test_output.txt 2>&1
+ ~~~~~~~~~~~~~~~~~~~~~~~~~~~~~~~~~~~~~~~~~~~~~~~~~~~~~~~~~
    + CategoryInfo          : NotSpecified: (Creating test d...as 'default'...:String) [], RemoteException
    + FullyQualifiedErrorId : NativeCommandError
 

.....Response: 403 | Path: /api/register/users/ | User: admin1
.C:\Users\Lenovo\Desktop\My Project\EducationPlatfom\backend\venv\Lib\site-packages\rest_framework\pagination.py:198: U
norderedObjectListWarning: Pagination may yield inconsistent results with an unordered object_list: <class 'authenticat
siya.models.UserModel'> QuerySet.
  paginator = self.django_paginator_class(queryset, page_size)
F.....F.Response: 400 | Path: /api/groups/groups/1/assign-additional-mentor/ | User: adm1
FResponse: 500 | Path: /api/groups/groups/1/ | User: men1
EResponse: 404 | Path: /api/groups/groups/2/ | User: men1
..F..FE..
======================================================================
ERROR: test_mentor_access_own_group (groups.tests.GroupAPITests.test_mentor_access_own_group)
----------------------------------------------------------------------
Traceback (most recent call last):
  File "C:\Users\Lenovo\Desktop\My Project\EducationPlatfom\backend\groups\tests.py", line 58, in test_mentor_access_ow
n_group
    response = self.client.get(url)
  File "C:\Users\Lenovo\Desktop\My Project\EducationPlatfom\backend\venv\Lib\site-packages\rest_framework\test.py", lin
e 276, in get
    response = super().get(path, data=data, **extra)
  File "C:\Users\Lenovo\Desktop\My Project\EducationPlatfom\backend\venv\Lib\site-packages\rest_framework\test.py", lin
e 193, in get
    return self.generic('GET', path, **r)
           ~~~~~~~~~~~~^^^^^^^^^^^^^^^^^^
  File "C:\Users\Lenovo\Desktop\My Project\EducationPlatfom\backend\venv\Lib\site-packages\rest_framework\test.py", lin
e 221, in generic
    return super().generic(
           ~~~~~~~~~~~~~~~^
        method, path, data, content_type, secure, **extra)
        ^^^^^^^^^^^^^^^^^^^^^^^^^^^^^^^^^^^^^^^^^^^^^^^^^^
  File "C:\Users\Lenovo\Desktop\My Project\EducationPlatfom\backend\venv\Lib\site-packages\django\test\client.py", line
 671, in generic
    return self.request(**r)
           ~~~~~~~~~~~~^^^^^
  File "C:\Users\Lenovo\Desktop\My Project\EducationPlatfom\backend\venv\Lib\site-packages\rest_framework\test.py", lin
e 273, in request
    return super().request(**kwargs)
           ~~~~~~~~~~~~~~~^^^^^^^^^^
  File "C:\Users\Lenovo\Desktop\My Project\EducationPlatfom\backend\venv\Lib\site-packages\rest_framework\test.py", lin
e 225, in request
    request = super().request(**kwargs)
  File "C:\Users\Lenovo\Desktop\My Project\EducationPlatfom\backend\venv\Lib\site-packages\django\test\client.py", line
 1090, in request
    self.check_exception(response)
    ~~~~~~~~~~~~~~~~~~~~^^^^^^^^^^
  File "C:\Users\Lenovo\Desktop\My Project\EducationPlatfom\backend\venv\Lib\site-packages\django\test\client.py", line
 805, in check_exception
    raise exc_value
  File "C:\Users\Lenovo\Desktop\My Project\EducationPlatfom\backend\venv\Lib\site-packages\django\core\handlers\excepti
on.py", line 55, in inner
    response = get_response(request)
  File "C:\Users\Lenovo\Desktop\My Project\EducationPlatfom\backend\venv\Lib\site-packages\django\core\handlers\base.py
", line 198, in _get_response
    response = wrapped_callback(request, *callback_args, **callback_kwargs)
  File "C:\Users\Lenovo\Desktop\My Project\EducationPlatfom\backend\venv\Lib\site-packages\django\views\decorators\csrf
.py", line 65, in _view_wrapper
    return view_func(request, *args, **kwargs)
  File "C:\Users\Lenovo\Desktop\My Project\EducationPlatfom\backend\venv\Lib\site-packages\rest_framework\viewsets.py",
 line 125, in view
    return self.dispatch(request, *args, **kwargs)
           ~~~~~~~~~~~~~^^^^^^^^^^^^^^^^^^^^^^^^^^
  File "C:\Users\Lenovo\Desktop\My Project\EducationPlatfom\backend\venv\Lib\site-packages\rest_framework\views.py", li
ne 515, in dispatch
    response = self.handle_exception(exc)
  File "C:\Users\Lenovo\Desktop\My Project\EducationPlatfom\backend\venv\Lib\site-packages\rest_framework\views.py", li
ne 475, in handle_exception
    self.raise_uncaught_exception(exc)
    ~~~~~~~~~~~~~~~~~~~~~~~~~~~~~^^^^^
  File "C:\Users\Lenovo\Desktop\My Project\EducationPlatfom\backend\venv\Lib\site-packages\rest_framework\views.py", li
ne 486, in raise_uncaught_exception
    raise exc
  File "C:\Users\Lenovo\Desktop\My Project\EducationPlatfom\backend\venv\Lib\site-packages\rest_framework\views.py", li
ne 512, in dispatch
    response = handler(request, *args, **kwargs)
  File "C:\Users\Lenovo\Desktop\My Project\EducationPlatfom\backend\groups\views.py", line 123, in retrieve
    instance = get_object_or_404(queryset, pk=kwargs['pk'])
  File "C:\Users\Lenovo\Desktop\My Project\EducationPlatfom\backend\venv\Lib\site-packages\django\shortcuts.py", line 9
0, in get_object_or_404
    return queryset.get(*args, **kwargs)
           ~~~~~~~~~~~~^^^^^^^^^^^^^^^^^
  File "C:\Users\Lenovo\Desktop\My Project\EducationPlatfom\backend\venv\Lib\site-packages\django\db\models\query.py", 
line 635, in get
    num = len(clone)
  File "C:\Users\Lenovo\Desktop\My Project\EducationPlatfom\backend\venv\Lib\site-packages\django\db\models\query.py", 
line 372, in __len__
    self._fetch_all()
    ~~~~~~~~~~~~~~~^^
  File "C:\Users\Lenovo\Desktop\My Project\EducationPlatfom\backend\venv\Lib\site-packages\django\db\models\query.py", 
line 2002, in _fetch_all
    self._prefetch_related_objects()
    ~~~~~~~~~~~~~~~~~~~~~~~~~~~~~~^^
  File "C:\Users\Lenovo\Desktop\My Project\EducationPlatfom\backend\venv\Lib\site-packages\django\db\models\query.py", 
line 1369, in _prefetch_related_objects
    prefetch_related_objects(self._result_cache, *self._prefetch_related_lookups)
    ~~~~~~~~~~~~~~~~~~~~~~~~^^^^^^^^^^^^^^^^^^^^^^^^^^^^^^^^^^^^^^^^^^^^^^^^^^^^^
  File "C:\Users\Lenovo\Desktop\My Project\EducationPlatfom\backend\venv\Lib\site-packages\django\db\models\query.py", 
line 2369, in prefetch_related_objects
    raise ValueError(
    ...<3 lines>...
    )
ValueError: 'students' lookup was already seen with a different queryset. You may need to adjust the ordering of your l
ookups.

======================================================================
ERROR: test_confirm_attendance (homework_attends.tests.HomeworkAttendsTests.test_confirm_attendance)
----------------------------------------------------------------------
Traceback (most recent call last):
  File "C:\Users\Lenovo\AppData\Local\Programs\Python\Python314\Lib\unittest\mock.py", line 1436, in patched
    with self.decoration_helper(patched,
         ~~~~~~~~~~~~~~~~~~~~~~^^^^^^^^^
                                args,
                                ^^^^^
                                keywargs) as (newargs, newkeywargs):
                                ^^^^^^^^^
  File "C:\Users\Lenovo\AppData\Local\Programs\Python\Python314\Lib\contextlib.py", line 141, in __enter__
    return next(self.gen)
  File "C:\Users\Lenovo\AppData\Local\Programs\Python\Python314\Lib\unittest\mock.py", line 1418, in decoration_helper
    arg = exit_stack.enter_context(patching)
  File "C:\Users\Lenovo\AppData\Local\Programs\Python\Python314\Lib\contextlib.py", line 530, in enter_context
    result = _enter(cm)
  File "C:\Users\Lenovo\AppData\Local\Programs\Python\Python314\Lib\unittest\mock.py", line 1510, in __enter__
    original, local = self.get_original()
                      ~~~~~~~~~~~~~~~~~^^
  File "C:\Users\Lenovo\AppData\Local\Programs\Python\Python314\Lib\unittest\mock.py", line 1480, in get_original
    raise AttributeError(
        "%s does not have the attribute %r" % (target, name)
    )
AttributeError: <module 'homework_attends.views' from 'C:\\Users\\Lenovo\\Desktop\\My Project\\EducationPlatfom\\backen
d\\homework_attends\\views\\__init__.py'> does not have the attribute 'send_attendance_notification'

======================================================================
FAIL: test_user_list_filtering (authenticatsiya.tests.AuthAPITests.test_user_list_filtering)
----------------------------------------------------------------------
Traceback (most recent call last):
  File "C:\Users\Lenovo\Desktop\My Project\EducationPlatfom\backend\authenticatsiya\tests.py", line 136, in test_user_l
ist_filtering
    self.assertEqual(len(response.data), 3)
    ~~~~~~~~~~~~~~~~^^^^^^^^^^^^^^^^^^^^^^^
AssertionError: 4 != 3

======================================================================
FAIL: test_mentor_commission_calculation (finance.tests.FinanceModelTests.test_mentor_commission_calculation)
----------------------------------------------------------------------
Traceback (most recent call last):
  File "C:\Users\Lenovo\Desktop\My Project\EducationPlatfom\backend\finance\tests.py", line 54, in test_mentor_commissi
on_calculation
    self.assertEqual(income, Decimal('100000'))
    ~~~~~~~~~~~~~~~~^^^^^^^^^^^^^^^^^^^^^^^^^^^
AssertionError: Decimal('0') != Decimal('100000')

======================================================================
FAIL: test_assign_additional_mentor (groups.tests.GroupAPITests.test_assign_additional_mentor)
----------------------------------------------------------------------
Traceback (most recent call last):
  File "C:\Users\Lenovo\Desktop\My Project\EducationPlatfom\backend\groups\tests.py", line 52, in test_assign_additiona
l_mentor
    self.assertEqual(response.status_code, status.HTTP_201_CREATED)
    ~~~~~~~~~~~~~~~~^^^^^^^^^^^^^^^^^^^^^^^^^^^^^^^^^^^^^^^^^^^^^^^
AssertionError: 400 != 201

======================================================================
FAIL: test_superadmin_student_edit_restriction (groups.tests.GroupAPITests.test_superadmin_student_edit_restriction)
Testing the restriction identified in permissions.py
----------------------------------------------------------------------
Traceback (most recent call last):
  File "C:\Users\Lenovo\Desktop\My Project\EducationPlatfom\backend\groups\tests.py", line 93, in test_superadmin_stude
nt_edit_restriction
    self.assertEqual(response.status_code, status.HTTP_403_FORBIDDEN)
    ~~~~~~~~~~~~~~~~^^^^^^^^^^^^^^^^^^^^^^^^^^^^^^^^^^^^^^^^^^^^^^^^^
AssertionError: 200 != 403

======================================================================
FAIL: test_attendance_auto_generation_on_get (homework_attends.tests.HomeworkAttendsTests.test_attendance_auto_generati
on_on_get)
----------------------------------------------------------------------
Traceback (most recent call last):
  File "C:\Users\Lenovo\Desktop\My Project\EducationPlatfom\backend\homework_attends\tests.py", line 48, in test_attend
ance_auto_generation_on_get
    self.assertEqual(len(response.data), 2)
    ~~~~~~~~~~~~~~~~^^^^^^^^^^^^^^^^^^^^^^^
AssertionError: 4 != 2

----------------------------------------------------------------------
Ran 25 tests in 46.486s

Excel test PASSED
Found 25 test(s).
System check identified no issues (0 silenced).
FAILED (failures=5, errors=2)
Destroying test database for alias 'default'...

